[debug] [2026-08-18T05:00:01.618Z] ----------------------------------------------------------------------
[debug] [2026-08-18T05:00:01.620Z] Command:       C:\Program Files\nodejs\node.exe C:\Users\arand\AppData\Local\npm-cache\_npx\7750544ccf494d8b\node_modules\firebase-tools\lib\bin\firebase.js deploy --only firestore:rules --project ipkplanner --non-interactive
[debug] [2026-08-18T05:00:01.620Z] CLI Version:   15.27.0
[debug] [2026-08-18T05:00:01.621Z] Platform:      win32
[debug] [2026-08-18T05:00:01.621Z] Node Version:  v25.3.0
[debug] [2026-08-18T05:00:01.621Z] Detected Agent: codex_cli
[debug] [2026-08-18T05:00:01.621Z] Time:          Tue Aug 18 2026 12:00:01 GMT+0700 (Waktu Indonesia Barat)
[debug] [2026-08-18T05:00:01.621Z] ----------------------------------------------------------------------
[debug] 
[debug] [2026-08-18T05:00:01.631Z] >>> [apiv2][query] GET https://firebase-public.firebaseio.com/cli.json [none]
[debug] [2026-08-18T05:00:02.987Z] > command requires scopes: ["email","openid","https://www.googleapis.com/auth/cloudplatformprojects.readonly","https://www.googleapis.com/auth/firebase","https://www.googleapis.com/auth/cloud-platform"]
[debug] [2026-08-18T05:00:03.032Z] Error: Could not load the default credentials. Browse to https://cloud.google.com/docs/authentication/getting-started for more information.
    at GoogleAuth.getApplicationDefaultAsync (C:\Users\arand\AppData\Local\npm-cache\_npx\7750544ccf494d8b\node_modules\google-auth-library\build\src\auth\googleauth.js:287:15)
    at process.processTicksAndRejections (node:internal/process/task_queues:103:5)
    at async GoogleAuth._GoogleAuth_determineClient (C:\Users\arand\AppData\Local\npm-cache\_npx\7750544ccf494d8b\node_modules\google-auth-library\build\src\auth\googleauth.js:834:32)
    at async GoogleAuth.getClient (C:\Users\arand\AppData\Local\npm-cache\_npx\7750544ccf494d8b\node_modules\google-auth-library\build\src\auth\googleauth.js:698:20)
    at async GoogleAuth.getAccessToken (C:\Users\arand\AppData\Local\npm-cache\_npx\7750544ccf494d8b\node_modules\google-auth-library\build\src\auth\googleauth.js:722:24)
    at async autoAuth (C:\Users\arand\AppData\Local\npm-cache\_npx\7750544ccf494d8b\node_modules\firebase-tools\lib\requireAuth.js:38:19)
    at async requireAuth (C:\Users\arand\AppData\Local\npm-cache\_npx\7750544ccf494d8b\node_modules\firebase-tools\lib\requireAuth.js:100:20)
    at async requirePermissions (C:\Users\arand\AppData\Local\npm-cache\_npx\7750544ccf494d8b\node_modules\firebase-tools\lib\requirePermissions.js:12:5)
    at async C:\Users\arand\AppData\Local\npm-cache\_npx\7750544ccf494d8b\node_modules\firebase-tools\lib\command.js:278:17
[error] 
[error] Error: Failed to authenticate, have you run firebase login?
[debug] [2026-08-18T05:00:22.601Z] ----------------------------------------------------------------------
[debug] [2026-08-18T05:00:22.603Z] Command:       C:\Program Files\nodejs\node.exe C:\Users\arand\AppData\Local\npm-cache\_npx\7750544ccf494d8b\node_modules\firebase-tools\lib\bin\firebase.js deploy --only firestore:rules --project ipkplanner --non-interactive
[debug] [2026-08-18T05:00:22.604Z] CLI Version:   15.27.0
[debug] [2026-08-18T05:00:22.604Z] Platform:      win32
[debug] [2026-08-18T05:00:22.604Z] Node Version:  v25.3.0
[debug] [2026-08-18T05:00:22.604Z] Detected Agent: codex_cli
[debug] [2026-08-18T05:00:22.604Z] Time:          Tue Aug 18 2026 12:00:22 GMT+0700 (Waktu Indonesia Barat)
[debug] [2026-08-18T05:00:22.605Z] ----------------------------------------------------------------------
[debug] 
[debug] [2026-08-18T05:00:22.616Z] >>> [apiv2][query] GET https://firebase-public.firebaseio.com/cli.json [none]
[debug] [2026-08-18T05:00:23.832Z] > command requires scopes: ["email","openid","https://www.googleapis.com/auth/cloudplatformprojects.readonly","https://www.googleapis.com/auth/firebase","https://www.googleapis.com/auth/cloud-platform"]
[debug] [2026-08-18T05:00:24.066Z] Running auto auth
[debug] [2026-08-18T05:00:24.067Z] [iam] checking project ipkplanner for permissions ["datastore.indexes.create","datastore.indexes.delete","datastore.indexes.list","datastore.indexes.update","firebase.projects.get"]
[debug] [2026-08-18T05:00:24.068Z] No OAuth tokens found
[debug] [2026-08-18T05:00:24.068Z] >>> [apiv2][query] POST https://cloudresourcemanager.googleapis.com/v1/projects/ipkplanner:testIamPermissions [none]
[debug] [2026-08-18T05:00:24.068Z] >>> [apiv2][(partial)header] POST https://cloudresourcemanager.googleapis.com/v1/projects/ipkplanner:testIamPermissions  x-goog-user-project=ipkplanner
[debug] [2026-08-18T05:00:24.068Z] >>> [apiv2][body] POST https://cloudresourcemanager.googleapis.com/v1/projects/ipkplanner:testIamPermissions {"permissions":["datastore.indexes.create","datastore.indexes.delete","datastore.indexes.list","datastore.indexes.update","firebase.projects.get"]}
[debug] [2026-08-18T05:00:24.412Z] <<< [apiv2][status] GET https://firebase-public.firebaseio.com/cli.json 200
[debug] [2026-08-18T05:00:24.413Z] <<< [apiv2][body] GET https://firebase-public.firebaseio.com/cli.json {"cloudBuildErrorAfter":1594252800000,"cloudBuildWarnAfter":1590019200000,"defaultNode10After":1594252800000,"minVersion":"3.0.5","node8DeploysDisabledAfter":1613390400000,"node8RuntimeDisabledAfter":1615809600000,"node8WarnAfter":1600128000000}
[debug] [2026-08-18T05:00:24.564Z] <<< [apiv2][status] POST https://cloudresourcemanager.googleapis.com/v1/projects/ipkplanner:testIamPermissions 200
[debug] [2026-08-18T05:00:24.564Z] <<< [apiv2][body] POST https://cloudresourcemanager.googleapis.com/v1/projects/ipkplanner:testIamPermissions {"permissions":["datastore.indexes.list","firebase.projects.get"]}
[debug] [2026-08-18T05:00:24.565Z] [iam] error while checking permissions, command may fail: Authorization failed. This account is missing the following required permissions on project ipkplanner:

  datastore.indexes.create
  datastore.indexes.delete
  datastore.indexes.update
[info] 
[info] === Deploying to 'ipkplanner'...
[info] 
[info] i  deploying firestore 
[info] i  firestore: ensuring required API firestore.googleapis.com is enabled... 
[debug] [2026-08-18T05:00:24.567Z] No OAuth tokens found
[debug] [2026-08-18T05:00:24.568Z] >>> [apiv2][query] GET https://serviceusage.googleapis.com/v1/projects/ipkplanner/services/firestore.googleapis.com [none]
[debug] [2026-08-18T05:00:24.568Z] >>> [apiv2][(partial)header] GET https://serviceusage.googleapis.com/v1/projects/ipkplanner/services/firestore.googleapis.com  x-goog-user-project=ipkplanner
[debug] [2026-08-18T05:00:26.277Z] <<< [apiv2][status] GET https://serviceusage.googleapis.com/v1/projects/ipkplanner/services/firestore.googleapis.com 403
[debug] [2026-08-18T05:00:26.278Z] <<< [apiv2][body] GET https://serviceusage.googleapis.com/v1/projects/ipkplanner/services/firestore.googleapis.com [omitted]
[error] 
[error] Error: Request to https://serviceusage.googleapis.com/v1/projects/ipkplanner/services/firestore.googleapis.com had HTTP Error: 403, Permission denied to get service [firestore.googleapis.com]
Help Token: AdZh9GfxCDrdAPWCINMWdJqIaMjFztsSiRPB2cZFhciYNXJcseNLQVWJ7LjmWRmiOE1kb8K23MwIeO6Mro-w1PHONrV1MXdg0KhmqSlRE9YxNCoc
[debug] [2026-08-18T05:00:26.279Z] Error Context: {
  "body": {
    "error": {
      "code": 403,
      "message": "Permission denied to get service [firestore.googleapis.com]\nHelp Token: AdZh9GfxCDrdAPWCINMWdJqIaMjFztsSiRPB2cZFhciYNXJcseNLQVWJ7LjmWRmiOE1kb8K23MwIeO6Mro-w1PHONrV1MXdg0KhmqSlRE9YxNCoc",
      "status": "PERMISSION_DENIED",
      "details": [
        {
          "@type": "type.googleapis.com/google.rpc.PreconditionFailure",
          "violations": [
            {
              "type": "googleapis.com",
              "subject": "110002"
            }
          ]
        },
        {
          "@type": "type.googleapis.com/google.rpc.ErrorInfo",
          "reason": "AUTH_PERMISSION_DENIED",
          "domain": "serviceusage.googleapis.com"
        }
      ]
    }
  },
  "response": {
    "statusCode": 403
  }
}
